// Jest Snapshot v1, https://goo.gl/fbAQLP

exports[`renders correctly 1`] = `
<section
  className="ant-layout"
>
  <div
    className="home"
  />
</section>
`;
